<dataset>
    <ACCOUNTS FirstName="Bob" LastName="Doe" Status="VISITOR"/>
    <ACCOUNTS FirstName="Alice" LastName="Foo" Status="ADMIN"/>
    <ACCOUNTS FirstName="F" LastName="L" Status="VISITOR"/>
</dataset>