<dataset>
    <USERS FirstName="Bob" LastName="Doe"/>
    <USERS FirstName="Alice" LastName="Foo"/>
    <USERS FirstName="F" LastName="L"/>
</dataset>